// Jest Snapshot v1, https://goo.gl/fbAQLP

exports[`renders the component correctly with fixture data 1`] = `
"<div className=\\"app\\">
  <div onClick={[Function: onClick]} className=\\"block__item\\">
    <p />
    <p>
      sampleId123
    </p>
    <p>
      5
    </p>
  </div>
</div>"
`;
