// Jest Snapshot v1, https://goo.gl/fbAQLP

exports[`renders the component correctly  1`] = `
"<div className=\\"container\\">
  <button onClick={[Function: onClick]} className=\\"block__button\\">
    Load recent
  </button>
  <div className=\\"block\\" />
</div>"
`;
